2026-09-14 20:41:34 | INFO | run_directory=/root/autodl-tmp/multi-task-ads-ranking/results/dcn_ple_esmm_aliccp_full_20260914_204134
2026-09-14 20:41:34 | INFO | model=dcn_ple_esmm device=cuda torch=2.7.1+cu126 cuda=12.6 amp_requested=True
2026-09-14 20:41:34 | INFO | negative_sampling={'enabled': False, 'strategy': 'all_samples', 'original_samples': 42299905, 'original_positive_samples': 1644256, 'original_negative_samples': 40655649, 'sampled_samples_per_epoch': 42299905, 'negative_keep_probability': 1.0}
2026-09-14 20:49:32 | INFO | epoch=1 train_loss=0.160985 ctr_loss=0.158819 ctcvr_loss=0.002167 val_ctr_auc=0.617642 val_cvr_auc=0.647626 val_ctcvr_auc=0.637125 val_ctr_gauc=0.586572 val_cvr_gauc=0.621205 val_ctcvr_gauc=0.598743 val_ctr_log_loss=0.162132 val_cvr_log_loss=0.035178 val_ctcvr_log_loss=0.002110 lr=0.001 train_seconds=415.69 val_seconds=54.85
2026-09-14 20:49:34 | INFO | saved best checkpoint: epoch=1 ctcvr.auc=0.637125 path=/root/autodl-tmp/multi-task-ads-ranking/results/dcn_ple_esmm_aliccp_full_20260914_204134/best.pt
2026-09-14 20:49:35 | INFO | saved resumable checkpoint: epoch=1 path=/root/autodl-tmp/multi-task-ads-ranking/results/dcn_ple_esmm_aliccp_full_20260914_204134/latest.pt
2026-09-14 20:57:33 | INFO | epoch=2 train_loss=0.154656 ctr_loss=0.152794 ctcvr_loss=0.001861 val_ctr_auc=0.628265 val_cvr_auc=0.670025 val_ctcvr_auc=0.660011 val_ctr_gauc=0.590957 val_cvr_gauc=0.632701 val_ctcvr_gauc=0.625661 val_ctr_log_loss=0.161649 val_cvr_log_loss=0.035375 val_ctcvr_log_loss=0.002069 lr=0.001 train_seconds=419.15 val_seconds=58.98
2026-09-14 20:57:34 | INFO | saved best checkpoint: epoch=2 ctcvr.auc=0.660011 path=/root/autodl-tmp/multi-task-ads-ranking/results/dcn_ple_esmm_aliccp_full_20260914_204134/best.pt
2026-09-14 20:57:35 | INFO | saved resumable checkpoint: epoch=2 path=/root/autodl-tmp/multi-task-ads-ranking/results/dcn_ple_esmm_aliccp_full_20260914_204134/latest.pt
2026-09-14 21:05:09 | INFO | epoch=3 train_loss=0.151343 ctr_loss=0.149648 ctcvr_loss=0.001694 val_ctr_auc=0.624474 val_cvr_auc=0.685390 val_ctcvr_auc=0.665033 val_ctr_gauc=0.588886 val_cvr_gauc=0.642875 val_ctcvr_gauc=0.611488 val_ctr_log_loss=0.161555 val_cvr_log_loss=0.033725 val_ctcvr_log_loss=0.002025 lr=0.001 train_seconds=397.14 val_seconds=56.91
2026-09-14 21:05:11 | INFO | saved best checkpoint: epoch=3 ctcvr.auc=0.665033 path=/root/autodl-tmp/multi-task-ads-ranking/results/dcn_ple_esmm_aliccp_full_20260914_204134/best.pt
2026-09-14 21:05:12 | INFO | saved resumable checkpoint: epoch=3 path=/root/autodl-tmp/multi-task-ads-ranking/results/dcn_ple_esmm_aliccp_full_20260914_204134/latest.pt
2026-09-14 21:13:01 | INFO | epoch=4 train_loss=0.148846 ctr_loss=0.147286 ctcvr_loss=0.001560 val_ctr_auc=0.624462 val_cvr_auc=0.655382 val_ctcvr_auc=0.643636 val_ctr_gauc=0.588499 val_cvr_gauc=0.630689 val_ctcvr_gauc=0.594318 val_ctr_log_loss=0.163127 val_cvr_log_loss=0.038692 val_ctcvr_log_loss=0.002343 lr=0.001 train_seconds=412.99 val_seconds=55.61
2026-09-14 21:13:02 | INFO | saved resumable checkpoint: epoch=4 path=/root/autodl-tmp/multi-task-ads-ranking/results/dcn_ple_esmm_aliccp_full_20260914_204134/latest.pt
2026-09-14 21:21:34 | INFO | epoch=5 train_loss=0.146358 ctr_loss=0.144888 ctcvr_loss=0.001471 val_ctr_auc=0.618714 val_cvr_auc=0.646410 val_ctcvr_auc=0.643308 val_ctr_gauc=0.584382 val_cvr_gauc=0.603493 val_ctcvr_gauc=0.594965 val_ctr_log_loss=0.161835 val_cvr_log_loss=0.037451 val_ctcvr_log_loss=0.002158 lr=0.001 train_seconds=450.34 val_seconds=61.95
2026-09-14 21:21:36 | INFO | saved resumable checkpoint: epoch=5 path=/root/autodl-tmp/multi-task-ads-ranking/results/dcn_ple_esmm_aliccp_full_20260914_204134/latest.pt
2026-09-14 21:29:40 | INFO | epoch=6 train_loss=0.142557 ctr_loss=0.141157 ctcvr_loss=0.001400 val_ctr_auc=0.617838 val_cvr_auc=0.636739 val_ctcvr_auc=0.629579 val_ctr_gauc=0.582303 val_cvr_gauc=0.590381 val_ctcvr_gauc=0.586530 val_ctr_log_loss=0.164620 val_cvr_log_loss=0.040028 val_ctcvr_log_loss=0.002398 lr=0.001 train_seconds=432.40 val_seconds=51.54
2026-09-14 21:29:41 | INFO | saved resumable checkpoint: epoch=6 path=/root/autodl-tmp/multi-task-ads-ranking/results/dcn_ple_esmm_aliccp_full_20260914_204134/latest.pt
2026-09-14 21:29:41 | INFO | early stopping after epoch=6; best_epoch=3
2026-09-14 21:36:58 | INFO | test_ctr_auc=0.625479 test_cvr_auc=0.691803 test_ctcvr_auc=0.672664 test_ctr_gauc=0.589969 test_cvr_gauc=0.627921 test_ctcvr_gauc=0.623419 test_ctr_log_loss=0.161615 test_cvr_log_loss=0.033390 test_ctcvr_log_loss=0.002014
